// Jest Snapshot v1, https://goo.gl/fbAQLP

exports[`Es hora de las instantaneas Siempre fallara la instantanea 1`] = `
Object {
  "createAt": 2020-11-03T08:38:58.002Z,
  "id": 11,
}
`;

exports[`Es hora de las instantaneas Snapshot 1`] = `
Object {
  "gender": "Male",
  "id": 1,
  "name": "Rick Sanchez",
  "species": "Human",
}
`;

exports[`Es hora de las instantaneas Tenemos una excepción dentro del código 1`] = `
Object {
  "id": Any<Number>,
  "name": "Oscar Barajas",
}
`;
